// Jest Snapshot v1, https://goo.gl/fbAQLP

exports[`App Entry renders correctly 1`] = `
Array [
  <RNCSafeAreaProvider
    onInsetsChange={[Function]}
    style={
      Array [
        Object {
          "flex": 1,
        },
        undefined,
      ]
    }
  >
    <RNSScreenStack
      style={
        Object {
          "flex": 1,
        }
      }
    >
      <RNSScreen
        collapsable={false}
        forwardedRef={[Function]}
        onAppear={[Function]}
        onDisappear={[Function]}
        onDismissed={[Function]}
        onTransitionProgress={[Function]}
        onWillDisappear={[Function]}
        replaceAnimation="push"
        stackPresentation="push"
        style={
          Object {
            "bottom": 0,
            "left": 0,
            "position": "absolute",
            "right": 0,
            "top": 0,
          }
        }
      >
        <RNSScreenStackHeaderConfig
          backButtonInCustomView={false}
          backgroundColor="rgb(255, 255, 255)"
          color="rgb(0, 122, 255)"
          direction="ltr"
          disableBackButtonMenu={false}
          hidden={true}
          hideBackButton={false}
          largeTitleHideShadow={false}
          title="Login"
          titleColor="rgb(28, 28, 30)"
          topInsetEnabled={false}
          translucent={false}
        />
        <View
          style={
            Array [
              Object {
                "flex": 1,
              },
              Object {
                "backgroundColor": "rgb(242, 242, 242)",
              },
              undefined,
            ]
          }
        >
          <View
            style={
              Object {
                "backgroundColor": "#e4e8e5",
                "flex": 1,
                "justifyContent": "center",
                "paddingHorizontal": 48,
              }
            }
          >
            <View
              style={
                Object {
                  "backgroundColor": "#ffffff",
                  "borderRadius": 20,
                  "elevation": 1,
                  "paddingHorizontal": 48,
                  "paddingVertical": 48,
                  "shadowColor": "#000",
                  "shadowOffset": Object {
                    "height": 1,
                    "width": 0,
                  },
                  "shadowOpacity": 0.1,
                  "shadowRadius": 2,
                  "width": "100%",
                }
              }
            >
              <Text
                allowFontScaling={false}
                style={
                  Object {
                    "alignContent": "center",
                    "alignItems": "center",
                    "color": "#767486",
                    "fontSize": 39,
                    "justifyContent": "center",
                    "lineHeight": 0,
                    "marginBottom": 48,
                    "textAlign": "center",
                  }
                }
              >
                SIGN IN
              </Text>
              <View
                style={
                  Object {
                    "marginBottom": 64,
                  }
                }
              >
                <Text
                  allowFontScaling={false}
                  style={
                    Object {
                      "color": "#0A0A0A80",
                      "fontSize": 20,
                      "marginBottom": 4,
                      "paddingLeft": 12,
                    }
                  }
                >
                  Email
                </Text>
                <View
                  style={
                    Object {
                      "alignItems": "center",
                      "backgroundColor": "#fafafa",
                      "borderColor": "#DDDDDD",
                      "borderRadius": 10,
                      "borderWidth": 1,
                      "display": "flex",
                      "flexDirection": "row",
                      "justifyContent": "space-between",
                      "width": "100%",
                    }
                  }
                >
                  <TextInput
                    autoCapitalize="none"
                    autoCorrect={false}
                    multiline={false}
                    numberOfLines={4}
                    onChangeText={[Function]}
                    placeholder="ex: john@doe.co"
                    placeholderTextColor="#0A0A0A80"
                    selectTextOnFocus={true}
                    style={
                      Array [
                        Object {
                          "height": 66.5,
                          "lineHeight": 0,
                          "paddingLeft": 24,
                          "width": "100%",
                        },
                      ]
                    }
                    underlineColorAndroid="transparent"
                  />
                </View>
              </View>
              <View
                style={
                  Object {
                    "marginBottom": 24,
                  }
                }
              >
                <Text
                  allowFontScaling={false}
                  style={
                    Object {
                      "color": "#0A0A0A80",
                      "fontSize": 20,
                      "marginBottom": 4,
                      "paddingLeft": 12,
                    }
                  }
                >
                  Password
                </Text>
                <View
                  style={
                    Object {
                      "alignItems": "center",
                      "backgroundColor": "#fafafa",
                      "borderColor": "#DDDDDD",
                      "borderRadius": 10,
                      "borderWidth": 1,
                      "display": "flex",
                      "flexDirection": "row",
                      "justifyContent": "space-between",
                      "width": "100%",
                    }
                  }
                >
                  <TextInput
                    autoCapitalize="none"
                    autoCorrect={false}
                    multiline={false}
                    numberOfLines={4}
                    onChangeText={[Function]}
                    placeholder="ex: p@ss"
                    placeholderTextColor="#0A0A0A80"
                    secureTextEntry={true}
                    selectTextOnFocus={true}
                    style={
                      Array [
                        Object {
                          "height": 66.5,
                          "lineHeight": 0,
                          "paddingLeft": 24,
                          "width": "90%",
                        },
                      ]
                    }
                    underlineColorAndroid="transparent"
                  />
                  <View
                    style={
                      Object {
                        "width": "10%",
                      }
                    }
                  >
                    <Text
                      allowFontScaling={false}
                      onPress={[Function]}
                      selectable={false}
                      style={
                        Array [
                          Object {
                            "color": "#ABAFB3",
                            "fontSize": 40,
                          },
                          undefined,
                          Object {
                            "fontFamily": "Feather",
                            "fontStyle": "normal",
                            "fontWeight": "normal",
                          },
                          Object {},
                        ]
                      }
                    >
                      ï…¤
                    </Text>
                  </View>
                </View>
              </View>
            </View>
            <View
              style={
                Object {
                  "marginTop": 340,
                }
              }
            >
              <View
                accessible={true}
                collapsable={false}
                focusable={true}
                onClick={[Function]}
                onResponderGrant={[Function]}
                onResponderMove={[Function]}
                onResponderRelease={[Function]}
                onResponderTerminate={[Function]}
                onResponderTerminationRequest={[Function]}
                onStartShouldSetResponder={[Function]}
                style={
                  Object {
                    "alignItems": "center",
                    "backgroundColor": "#032e90",
                    "borderRadius": 20,
                    "elevation": 1,
                    "height": 80,
                    "justifyContent": "center",
                    "opacity": 1,
                    "shadowColor": "#000",
                    "shadowOffset": Object {
                      "height": 1,
                      "width": 0,
                    },
                    "shadowOpacity": 0.1,
                    "shadowRadius": 2,
                    "width": "100%",
                  }
                }
              >
                <View>
                  <Text
                    allowFontScaling={false}
                    style={
                      Object {
                        "color": "#e4e8e5",
                        "fontFamily": "Montserrat-Bold",
                        "fontSize": 27,
                      }
                    }
                  >
                    Login
                  </Text>
                </View>
              </View>
            </View>
          </View>
        </View>
      </RNSScreen>
    </RNSScreenStack>
  </RNCSafeAreaProvider>,
  <View
    collapsable={false}
    pointerEvents="box-none"
    style={
      Object {
        "left": 0,
        "opacity": 0,
        "position": "absolute",
        "right": 0,
        "top": 0,
        "transform": Array [
          Object {
            "translateY": -48,
          },
        ],
        "zIndex": 99,
      }
    }
  />,
]
`;
